// Vitest Snapshot v1, https://vitest.dev/guide/snapshot.html

exports[`matches snapshot 1`] = `
<DocumentFragment>
  <div
    style="position: relative; margin-bottom: 20px;"
  >
    <button
      style="position: absolute; top: 10px; left: 0px;"
    >
      Delete!
    </button>
    <div
      class="Box"
      style="left: 100px;"
    />
  </div>
</DocumentFragment>
`;
