// Vitest Snapshot v1, https://vitest.dev/guide/snapshot.html

exports[`matches snapshot 1`] = `
<DocumentFragment>
  <form
    class="NewFormBox"
  >
    <label
      for="width"
    >
      Box Width: 
    </label>
    <input
      id="width"
      max="1000"
      min="20"
      name="width"
      placeholder="Width"
      type="range"
      value="490"
    />
    <label
      for="height"
    >
      Box Height: 
    </label>
    <input
      id="height"
      max="1000"
      min="20"
      name="height"
      placeholder="Height"
      type="range"
      value="490"
    />
    <label
      for="bgcolor"
    >
      Box Background Color
    </label>
    <input
      id="bgcolor"
      name="bgcolor"
      placeholder="Background color"
      type="color"
      value="#000000"
    />
    <button>
      Create Box
    </button>
  </form>
</DocumentFragment>
`;
