// Vitest Snapshot v1, https://vitest.dev/guide/snapshot.html

exports[`matches snapshot 1`] = `
<DocumentFragment>
  <div
    style="position: relative;"
  >
    <li
      style="position: absolute; left: 80px; top: 10px;"
    />
    <button
      style="position: absolute; text-align: center; left: 0px;"
    >
      X
    </button>
  </div>
</DocumentFragment>
`;
